26/10/06 22:33:01 INFO HiveThriftServer2: Started daemon with process name: 125450@shashlaptop
26/10/06 22:33:01 INFO SignalUtils: Registering signal handler for TERM
26/10/06 22:33:01 INFO SignalUtils: Registering signal handler for HUP
26/10/06 22:33:01 INFO SignalUtils: Registering signal handler for INT
26/10/06 22:33:01 INFO HiveThriftServer2: Starting SparkContext
26/10/06 22:33:01 INFO HiveConf: Found configuration file null
26/10/06 22:33:01 INFO SparkContext: Running Spark version 3.3.4
26/10/06 22:33:01 WARN NativeCodeLoader: Unable to load native-hadoop library for your platform... using builtin-java classes where applicable
26/10/06 22:33:01 INFO ResourceUtils: ==============================================================
26/10/06 22:33:01 INFO ResourceUtils: No custom resources configured for spark.driver.
26/10/06 22:33:01 INFO ResourceUtils: ==============================================================
26/10/06 22:33:01 INFO SparkContext: Submitted application: Thrift JDBC/ODBC Server
26/10/06 22:33:01 INFO ResourceProfile: Default ResourceProfile created, executor resources: Map(cores -> name: cores, amount: 1, script: , vendor: , memory -> name: memory, amount: 1024, script: , vendor: , offHeap -> name: offHeap, amount: 0, script: , vendor: ), task resources: Map(cpus -> name: cpus, amount: 1.0)
26/10/06 22:33:01 INFO ResourceProfile: Limiting resource is cpu
26/10/06 22:33:01 INFO ResourceProfileManager: Added ResourceProfile id: 0
26/10/06 22:33:01 INFO SecurityManager: Changing view acls to: shashank
26/10/06 22:33:01 INFO SecurityManager: Changing modify acls to: shashank
26/10/06 22:33:01 INFO SecurityManager: Changing view acls groups to: 
26/10/06 22:33:01 INFO SecurityManager: Changing modify acls groups to: 
26/10/06 22:33:01 INFO SecurityManager: SecurityManager: authentication disabled; ui acls disabled; users  with view permissions: Set(shashank); groups with view permissions: Set(); users  with modify permissions: Set(shashank); groups with modify permissions: Set()
26/10/06 22:33:01 INFO Utils: Successfully started service 'sparkDriver' on port 37849.
26/10/06 22:33:01 INFO SparkEnv: Registering MapOutputTracker
26/10/06 22:33:01 INFO SparkEnv: Registering BlockManagerMaster
26/10/06 22:33:01 INFO BlockManagerMasterEndpoint: Using org.apache.spark.storage.DefaultTopologyMapper for getting topology information
26/10/06 22:33:01 INFO BlockManagerMasterEndpoint: BlockManagerMasterEndpoint up
26/10/06 22:33:01 INFO SparkEnv: Registering BlockManagerMasterHeartbeat
26/10/06 22:33:01 INFO DiskBlockManager: Created local directory at /tmp/blockmgr-466ddf6b-2d85-4a83-b5f3-126530406fc2
26/10/06 22:33:01 INFO MemoryStore: MemoryStore started with capacity 4.6 GiB
26/10/06 22:33:01 INFO SparkEnv: Registering OutputCommitCoordinator
26/10/06 22:33:01 INFO Executor: Starting executor ID driver on host 127.0.0.1
26/10/06 22:33:01 INFO Executor: Starting executor with user classpath (userClassPathFirst = false): ''
26/10/06 22:33:01 INFO Utils: Successfully started service 'org.apache.spark.network.netty.NettyBlockTransferService' on port 35285.
26/10/06 22:33:01 INFO NettyBlockTransferService: Server created on 127.0.0.1:35285
26/10/06 22:33:01 INFO BlockManager: Using org.apache.spark.storage.RandomBlockReplicationPolicy for block replication policy
26/10/06 22:33:01 INFO BlockManagerMaster: Registering BlockManager BlockManagerId(driver, 127.0.0.1, 35285, None)
26/10/06 22:33:01 INFO BlockManagerMasterEndpoint: Registering block manager 127.0.0.1:35285 with 4.6 GiB RAM, BlockManagerId(driver, 127.0.0.1, 35285, None)
26/10/06 22:33:01 INFO BlockManagerMaster: Registered BlockManager BlockManagerId(driver, 127.0.0.1, 35285, None)
26/10/06 22:33:01 INFO BlockManager: Initialized BlockManager: BlockManagerId(driver, 127.0.0.1, 35285, None)
26/10/06 22:33:02 INFO SharedState: Setting hive.metastore.warehouse.dir ('null') to the value of spark.sql.warehouse.dir.
26/10/06 22:33:02 INFO SharedState: Warehouse path is 'file:/media/shashank/Data1/PDocuments/Capstone/implementation/spark-warehouse'.
26/10/06 22:33:02 INFO HiveUtils: Initializing HiveMetastoreConnection version 2.3.9 using Spark classes.
26/10/06 22:33:03 INFO HiveClientImpl: Warehouse location for Hive client (version 2.3.9) is file:/media/shashank/Data1/PDocuments/Capstone/implementation/spark-warehouse
26/10/06 22:33:03 WARN HiveConf: HiveConf of name hive.stats.jdbc.timeout does not exist
26/10/06 22:33:03 WARN HiveConf: HiveConf of name hive.stats.retries.wait does not exist
26/10/06 22:33:03 INFO HiveMetaStore: 0: Opening raw store with implementation class:org.apache.hadoop.hive.metastore.ObjectStore
26/10/06 22:33:03 INFO ObjectStore: ObjectStore, initialize called
26/10/06 22:33:03 INFO Persistence: Property hive.metastore.integral.jdo.pushdown unknown - will be ignored
26/10/06 22:33:03 INFO Persistence: Property datanucleus.cache.level2 unknown - will be ignored
26/10/06 22:33:04 INFO ObjectStore: Setting MetaStore object pin classes with hive.metastore.cache.pinobjtypes="Table,StorageDescriptor,SerDeInfo,Partition,Database,Type,FieldSchema,Order"
26/10/06 22:33:05 INFO MetaStoreDirectSql: Using direct SQL, underlying DB is DERBY
26/10/06 22:33:05 INFO ObjectStore: Initialized ObjectStore
26/10/06 22:33:05 WARN ObjectStore: Version information not found in metastore. hive.metastore.schema.verification is not enabled so recording the schema version 2.3.0
26/10/06 22:33:05 WARN ObjectStore: setMetaStoreSchemaVersion called but recording version is disabled: version = 2.3.0, comment = Set by MetaStore shashank@127.0.1.1
26/10/06 22:33:05 INFO HiveMetaStore: Added admin role in metastore
26/10/06 22:33:05 INFO HiveMetaStore: Added public role in metastore
26/10/06 22:33:05 INFO HiveMetaStore: No user is added in admin role, since config is empty
26/10/06 22:33:05 INFO HiveMetaStore: 0: get_database: default
26/10/06 22:33:05 INFO audit: ugi=shashank	ip=unknown-ip-addr	cmd=get_database: default	
26/10/06 22:33:05 INFO HiveUtils: Initializing execution hive, version 2.3.9
26/10/06 22:33:05 INFO HiveClientImpl: Warehouse location for Hive client (version 2.3.9) is file:/media/shashank/Data1/PDocuments/Capstone/implementation/spark-warehouse
26/10/06 22:33:05 INFO SessionManager: Operation log root directory is created: /tmp/shashank/operation_logs
26/10/06 22:33:05 INFO SessionManager: HiveServer2: Background operation thread pool size: 100
26/10/06 22:33:05 INFO SessionManager: HiveServer2: Background operation thread wait queue size: 100
26/10/06 22:33:05 INFO SessionManager: HiveServer2: Background operation thread keepalive time: 10 seconds
26/10/06 22:33:05 INFO AbstractService: Service:OperationManager is inited.
26/10/06 22:33:05 INFO AbstractService: Service:SessionManager is inited.
26/10/06 22:33:05 INFO AbstractService: Service: CLIService is inited.
26/10/06 22:33:05 INFO AbstractService: Service:ThriftBinaryCLIService is inited.
26/10/06 22:33:05 INFO AbstractService: Service: HiveServer2 is inited.
26/10/06 22:33:05 INFO AbstractService: Service:OperationManager is started.
26/10/06 22:33:05 INFO AbstractService: Service:SessionManager is started.
26/10/06 22:33:05 INFO AbstractService: Service: CLIService is started.
26/10/06 22:33:05 INFO AbstractService: Service:ThriftBinaryCLIService is started.
26/10/06 22:33:05 INFO ThriftCLIService: Starting ThriftBinaryCLIService on port 10000 with 5...500 worker threads
26/10/06 22:33:05 INFO AbstractService: Service:HiveServer2 is started.
26/10/06 22:33:05 INFO HiveThriftServer2: HiveThriftServer2 started
