=== Starting Phase 6A Data Collection ===
  Target Table:     local.tpch_sf100.lineitem
  Duration:         1.5 hours
  Output File:      results/phase6a_training_data_remote.csv
[00:22:13] >>> EXECUTING DETERMINISTIC COMPACTION <<<
[00:22:26] <<< COMPACTION FINISHED <<<
[00:27:30] >>> EXECUTING DETERMINISTIC COMPACTION <<<
[00:27:42] <<< COMPACTION FINISHED <<<
[00:32:34] >>> EXECUTING DETERMINISTIC COMPACTION <<<
[00:32:46] <<< COMPACTION FINISHED <<<
[00:37:34] >>> EXECUTING DETERMINISTIC COMPACTION <<<
[00:37:45] <<< COMPACTION FINISHED <<<
[00:42:38] >>> EXECUTING DETERMINISTIC COMPACTION <<<
[00:42:48] <<< COMPACTION FINISHED <<<
[00:47:35] >>> EXECUTING DETERMINISTIC COMPACTION <<<
[00:47:48] <<< COMPACTION FINISHED <<<
[00:53:18] >>> EXECUTING DETERMINISTIC COMPACTION <<<
[00:53:29] <<< COMPACTION FINISHED <<<
[00:58:43] >>> EXECUTING DETERMINISTIC COMPACTION <<<
[00:59:00] <<< COMPACTION FINISHED <<<
[01:03:43] >>> EXECUTING DETERMINISTIC COMPACTION <<<
[01:03:59] <<< COMPACTION FINISHED <<<
[01:08:46] >>> EXECUTING DETERMINISTIC COMPACTION <<<
[01:09:08] <<< COMPACTION FINISHED <<<
[01:13:47] >>> EXECUTING DETERMINISTIC COMPACTION <<<
[01:14:10] <<< COMPACTION FINISHED <<<
[01:18:45] >>> EXECUTING DETERMINISTIC COMPACTION <<<
[01:19:05] <<< COMPACTION FINISHED <<<
[01:23:45] >>> EXECUTING DETERMINISTIC COMPACTION <<<
[01:23:57] <<< COMPACTION FINISHED <<<
[01:28:48] >>> EXECUTING DETERMINISTIC COMPACTION <<<
[01:28:59] <<< COMPACTION FINISHED <<<
[01:34:14] >>> EXECUTING DETERMINISTIC COMPACTION <<<
[01:34:14] <<< COMPACTION FINISHED <<<
[01:39:12] >>> EXECUTING DETERMINISTIC COMPACTION <<<
[01:39:24] <<< COMPACTION FINISHED <<<
[01:44:34] >>> EXECUTING DETERMINISTIC COMPACTION <<<
[01:44:35] <<< COMPACTION FINISHED <<<

Completed target duration of 1.5 hours. Stopping.
=== Finished Phase 6A Data Collection (results/phase6a_training_data_remote.csv) ===
